[17:59:26] [main/INFO]: Loading Minecraft 1.21.1 with Fabric Loader 0.18.2
[17:59:26] [main/INFO]: Fabric is preparing JARs on first launch, this may take a few seconds...
[17:59:26] [main/INFO]: Loading 4 mods:
	- fabricloader 0.18.2
	   \-- mixinextras 0.5.0
	- java 21
	- minecraft 1.21.1
[17:59:26] [main/INFO]: SpongePowered MIXIN Subsystem Version=0.8.7 Source=file:/workspaces/server/servidor_minecraft/libraries/net/fabricmc/sponge-mixin/0.16.5+mixin.0.8.7/sponge-mixin-0.16.5+mixin.0.8.7.jar Service=Knot/Fabric Env=SERVER
[17:59:31] [main/INFO]: Environment: Environment[sessionHost=https://sessionserver.mojang.com, servicesHost=https://api.minecraftservices.com, name=PROD]
[17:59:31] [main/INFO]: No existing world data, creating new world
[17:59:32] [main/INFO]: Loaded 1290 recipes
[17:59:32] [main/INFO]: Loaded 1399 advancements
[17:59:33] [Server thread/INFO]: Starting minecraft server version 1.21.1
[17:59:33] [Server thread/INFO]: Loading properties
[17:59:33] [Server thread/INFO]: Default game type: SURVIVAL
[17:59:33] [Server thread/INFO]: Generating keypair
[17:59:33] [Server thread/INFO]: Starting Minecraft server on *:25565
[17:59:33] [Server thread/INFO]: Using epoll channel type
[17:59:33] [Server thread/WARN]: **** SERVER IS RUNNING IN OFFLINE/INSECURE MODE!
[17:59:33] [Server thread/WARN]: The server will make no attempt to authenticate usernames. Beware.
[17:59:33] [Server thread/WARN]: While this makes the game possible to play without internet access, it also opens up the ability for hackers to connect with any username they choose.
[17:59:33] [Server thread/WARN]: To change this, set "online-mode" to "true" in the server.properties file.
[17:59:33] [Server thread/INFO]: Preparing level "world"
[17:59:39] [Server thread/INFO]: Preparing start region for dimension minecraft:overworld
[17:59:39] [Worker-Main-3/INFO]: Preparing spawn area: 2%
[17:59:40] [Worker-Main-1/INFO]: Preparing spawn area: 2%
[17:59:40] [Worker-Main-2/INFO]: Preparing spawn area: 2%
[17:59:41] [Worker-Main-3/INFO]: Preparing spawn area: 6%
[17:59:41] [Worker-Main-1/INFO]: Preparing spawn area: 18%
[17:59:42] [Worker-Main-3/INFO]: Preparing spawn area: 18%
[17:59:42] [Worker-Main-3/INFO]: Preparing spawn area: 51%
[17:59:43] [Worker-Main-1/INFO]: Preparing spawn area: 51%
[17:59:43] [Worker-Main-1/INFO]: Preparing spawn area: 51%
[17:59:43] [Server thread/INFO]: Time elapsed: 4374 ms
[17:59:43] [Server thread/INFO]: Done (10.369s)! For help, type "help"
[17:59:59] [Server thread/INFO]: XxcrisXxf[/127.152.167.178:50599] logged in with entity id 45 at (-3.5, 76.0, 1.5)
[17:59:59] [Server thread/INFO]: XxcrisXxf joined the game
[18:02:50] [Server thread/INFO]: XxcrisXxf lost connection: Disconnected
[18:02:50] [Server thread/INFO]: XxcrisXxf left the game
[18:04:09] [Server thread/INFO]: XxcrisXxf[/127.152.167.178:50509] logged in with entity id 710 at (-31.958612896898455, 77.0, -10.253594910221059)
[18:04:09] [Server thread/INFO]: XxcrisXxf joined the game
[18:04:55] [Server thread/INFO]: XxcrisXxf lost connection: Disconnected
[18:04:55] [Server thread/INFO]: XxcrisXxf left the game
